******************************************************************************
            TI ARM Clang Linker PC v5.1.1                      
******************************************************************************
>> Linked Sat Jul 11 15:19:36 2026

OUTPUT FILE NAME:   <TMX.out>
ENTRY POINT SYMBOL: "_c_int00_noargs"  address: 000014b9


MEMORY CONFIGURATION

         name            origin    length      used     unused   attr    fill
----------------------  --------  ---------  --------  --------  ----  --------
  FLASH                 00000000   00020000  00001700  0001e900  R  X
  SRAM                  20200000   00008000  00000450  00007bb0  RW X
  BCR_CONFIG            41c00000   000000ff  00000000  000000ff  R   
  BSL_CONFIG            41c00100   00000080  00000000  00000080  R   


SEGMENT ALLOCATION MAP

run origin  load origin   length   init length attrs members
----------  ----------- ---------- ----------- ----- -------
00000000    00000000    00001700   00001700    r-x
  00000000    00000000    000000c0   000000c0    r-- .intvecs
  000000c0    000000c0    000015a0   000015a0    r-x .text
  00001660    00001660    00000068   00000068    r-- .rodata
  000016c8    000016c8    00000038   00000038    r-- .cinit
20200000    20200000    00000250   00000000    rw-
  20200000    20200000    00000218   00000000    rw- .bss
  20200218    20200218    00000038   00000000    rw- .data
20207e00    20207e00    00000200   00000000    rw-
  20207e00    20207e00    00000200   00000000    rw- .stack


SECTION ALLOCATION MAP

 output                                  attributes/
section   page    origin      length       input sections
--------  ----  ----------  ----------   ----------------
.intvecs   0    00000000    000000c0     
                  00000000    000000c0     startup_mspm0g350x_ticlang.o (.intvecs)

.text      0    000000c0    000015a0     
                  000000c0    000002a8     ti_msp_dl_config.o (.text.SYSCFG_DL_SYSCTL_SYSPLL_init)
                  00000368    000001d8     libc.a : muldf3_fast.c.obj (.text.__muldf3_fast)
                  00000540    0000019c     motor.o (.text.TIMA1_IRQHandler)
                  000006dc    0000010c     ti_msp_dl_config.o (.text.SYSCFG_DL_GPIO_init)
                  000007e8    00000104     driverlib.a : dl_timer.o (.text.DL_Timer_initFourCCPWMMode)
                  000008ec    000000fc                 : dl_timer.o (.text.DL_Timer_initTimerMode)
                  000009e8    000000dc                 : dl_sysctl_mspm0g1x0x_g3x0x.o (.text.DL_SYSCTL_configSYSPLL)
                  00000ac4    000000d8     libclang_rt.builtins.a : addsf3.S.obj (.text)
                  00000b9c    000000b0     ti_msp_dl_config.o (.text.SYSCFG_DL_SYSCTL_init)
                  00000c4c    000000a8     main.o (.text.main)
                  00000cf4    0000009a     libc.a : memcpy16.S.obj (.text:memcpy)
                  00000d8e    00000002     startup_mspm0g350x_ticlang.o (.text.Default_Handler)
                  00000d90    0000008c     libclang_rt.builtins.a : mulsf3.S.obj (.text)
                  00000e1c    00000082                            : divsf3.S.obj (.text)
                  00000e9e    00000002                            : aeabi_div0.c.obj (.text.__aeabi_idiv0)
                  00000ea0    0000007c     libc.a : copy_decompress_lzss.c.obj (.text:decompress:lzss)
                  00000f1c    00000078     motor.o (.text.motor_init)
                  00000f94    0000000a     driverlib.a : dl_common.o (.text.DL_Common_delayCycles)
                  00000f9e    00000002     --HOLE-- [fill = 0]
                  00000fa0    00000074     libclang_rt.builtins.a : truncdfsf2.S.obj (.text)
                  00001014    00000070     ti_msp_dl_config.o (.text.SYSCFG_DL_PWMB_init)
                  00001084    0000006c     ti_msp_dl_config.o (.text.SYSCFG_DL_UART_0_init)
                  000010f0    00000068     ti_msp_dl_config.o (.text.SYSCFG_DL_PWMA_init)
                  00001158    00000064     driverlib.a : dl_sysctl_mspm0g1x0x_g3x0x.o (.text.DL_SYSCTL_setHFCLKSourceHFXTParams)
                  000011bc    00000060     ti_msp_dl_config.o (.text.SYSCFG_DL_OLED_init)
                  0000121c    00000060     ti_msp_dl_config.o (.text.SYSCFG_DL_initPower)
                  0000127c    00000048     driverlib.a : dl_uart.o (.text.DL_UART_init)
                  000012c4    00000044                 : dl_sysctl_mspm0g1x0x_g3x0x.o (.text.DL_SYSCTL_switchMCLKfromSYSOSCtoHSCLK)
                  00001308    00000044     ti_msp_dl_config.o (.text.SYSCFG_DL_init)
                  0000134c    00000040     libclang_rt.builtins.a : aeabi_uidivmod.S.obj (.text)
                  0000138c    00000040                            : extendsfdf2.S.obj (.text)
                  000013cc    0000003c     ti_msp_dl_config.o (.text.SYSCFG_DL_Motor_PID_init)
                  00001408    0000003c     libc.a : autoinit.c.obj (.text:__TI_auto_init_nobinit_nopinit)
                  00001444    0000003a     libclang_rt.builtins.a : muldsi3.S.obj (.text)
                  0000147e    00000002     --HOLE-- [fill = 0]
                  00001480    00000038                            : fixsfsi.S.obj (.text)
                  000014b8    00000028     libc.a : boot_cortex_m.c.obj (.text:_c_int00_noargs)
                  000014e0    00000028     libclang_rt.builtins.a : floatunsisf.S.obj (.text)
                  00001508    00000026     driverlib.a : dl_i2c.o (.text.DL_I2C_setClockConfig)
                  0000152e    00000002     --HOLE-- [fill = 0]
                  00001530    00000024     libclang_rt.builtins.a : muldi3.S.obj (.text)
                  00001554    0000001c     driverlib.a : dl_sysctl_mspm0g1x0x_g3x0x.o (.text.DL_SYSCTL_configFCC)
                  00001570    0000001c                 : dl_timer.o (.text.DL_Timer_setCaptCompUpdateMethod)
                  0000158c    0000001c                 : dl_timer.o (.text.DL_Timer_setClockConfig)
                  000015a8    0000001c     uart.o (.text.UART0_IRQHandler)
                  000015c4    00000018     driverlib.a : dl_timer.o (.text.DL_Timer_setCaptureCompareOutCtl)
                  000015dc    00000016     libc.a : copy_zero_init.c.obj (.text:decompress:ZI:__TI_zero_init_nomemset)
                  000015f2    00000012     driverlib.a : dl_uart.o (.text.DL_UART_setClockConfig)
                  00001604    00000012     libc.a : copy_decompress_none.c.obj (.text:decompress:none)
                  00001616    00000002     --HOLE-- [fill = 0]
                  00001618    00000010     driverlib.a : dl_timer.o (.text.DL_Timer_setCaptureCompareValue)
                  00001628    00000010     delay.o (.text.delay_ms)
                  00001638    00000008     libclang_rt.builtins.a : aeabi_dmul.c.obj (.text.__aeabi_dmul_fast)
                  00001640    00000008                            : aeabi_memcpy.S.obj (.text)
                  00001648    00000006     libc.a : exit.c.obj (.text:abort)
                  0000164e    00000004     libsysbm.a : hostexit.c.obj (.text.HOSTexit)
                  00001652    00000004     startup_mspm0g350x_ticlang.o (.text.Reset_Handler)
                  00001656    00000004     libc.a : pre_init.c.obj (.text._system_pre_init)
                  0000165a    00000006     --HOLE-- [fill = 0]

.cinit     0    000016c8    00000038     
                  000016c8    00000014     (.cinit..data.load) [load image, compression = lzss]
                  000016dc    0000000c     (__TI_handler_table)
                  000016e8    00000008     (.cinit..bss.load) [load image, compression = zero_init]
                  000016f0    00000010     (__TI_cinit_table)

.rodata    0    00001660    00000068     
                  00001660    00000028     ti_msp_dl_config.o (.rodata.gSYSPLLConfig)
                  00001688    00000014     ti_msp_dl_config.o (.rodata.gMotor_PIDTimerConfig)
                  0000169c    0000000a     ti_msp_dl_config.o (.rodata.gUART_0Config)
                  000016a6    00000002     ti_msp_dl_config.o (.rodata.gOLEDClockConfig)
                  000016a8    00000008     ti_msp_dl_config.o (.rodata.gPWMAConfig)
                  000016b0    00000008     ti_msp_dl_config.o (.rodata.gPWMBConfig)
                  000016b8    00000003     ti_msp_dl_config.o (.rodata.gMotor_PIDClockConfig)
                  000016bb    00000003     ti_msp_dl_config.o (.rodata.gPWMAClockConfig)
                  000016be    00000003     ti_msp_dl_config.o (.rodata.gPWMBClockConfig)
                  000016c1    00000002     ti_msp_dl_config.o (.rodata.gUART_0ClockConfig)
                  000016c3    00000005     --HOLE-- [fill = 0]

.init_array 
*          0    00000000    00000000     UNINITIALIZED

.binit     0    00000000    00000000     

.bss       0    20200000    00000218     UNINITIALIZED
                  20200000    000000bc     (.common:gMotor_PIDBackup)
                  202000bc    000000bc     (.common:gPWMBBackup)
                  20200178    000000a0     (.common:gPWMABackup)

.data      0    20200218    00000038     UNINITIALIZED
                  20200218    00000004     motor.o (.data.PWM_A_duty)
                  2020021c    00000004     motor.o (.data.PWM_B_duty)
                  20200220    00000004     key.o (.data.counter_A)
                  20200224    00000004     key.o (.data.counter_B)
                  20200228    00000004     motor.o (.data.current_error_A)
                  2020022c    00000004     motor.o (.data.current_error_B)
                  20200230    00000004     motor.o (.data.ki)
                  20200234    00000004     motor.o (.data.kp)
                  20200238    00000004     motor.o (.data.last_error_A)
                  2020023c    00000004     motor.o (.data.last_error_B)
                  20200240    00000004     motor.o (.data.speed_A)
                  20200244    00000004     motor.o (.data.speed_B)
                  20200248    00000004     motor.o (.data.target_speed_A)
                  2020024c    00000004     motor.o (.data.target_speed_B)

.stack     0    20207e00    00000200     UNINITIALIZED
                  20207e00    00000004     libc.a : boot_cortex_m.c.obj (.stack)
                  20207e04    000001fc     --HOLE--

__llvm_prf_cnts 
*          0    20200000    00000000     UNINITIALIZED

__llvm_prf_bits 
*          0    20200000    00000000     UNINITIALIZED

MODULE SUMMARY

       Module                         code   ro data   rw data
       ------                         ----   -------   -------
    .\
       ti_msp_dl_config.o             1768   99        536    
       startup_mspm0g350x_ticlang.o   6      192       0      
       main.o                         168    0         0      
    +--+------------------------------+------+---------+---------+
       Total:                         1942   291       536    
                                                              
    .\User\
       motor.o                        532    0         48     
       uart.o                         28     0         0      
       delay.o                        16     0         0      
       key.o                          0      0         8      
    +--+------------------------------+------+---------+---------+
       Total:                         576    0         56     
                                                              
    C:/TI/mspm0_sdk_2_10_00_04/source/ti/driverlib/lib/ticlang/m0p/mspm0g1x0x_g3x0x/driverlib.a
       dl_timer.o                     608    0         0      
       dl_sysctl_mspm0g1x0x_g3x0x.o   416    0         0      
       dl_uart.o                      90     0         0      
       dl_i2c.o                       38     0         0      
       dl_common.o                    10     0         0      
    +--+------------------------------+------+---------+---------+
       Total:                         1162   0         0      
                                                              
    D:\CCS\ccs\tools\compiler\ti-cgt-armllvm_5.1.1.LTS\lib\armv6m-ti-none-eabi/c/libc.a
       muldf3_fast.c.obj              472    0         0      
       memcpy16.S.obj                 154    0         0      
       copy_decompress_lzss.c.obj     124    0         0      
       autoinit.c.obj                 60     0         0      
       boot_cortex_m.c.obj            40     0         0      
       copy_zero_init.c.obj           22     0         0      
       copy_decompress_none.c.obj     18     0         0      
       exit.c.obj                     6      0         0      
       pre_init.c.obj                 4      0         0      
    +--+------------------------------+------+---------+---------+
       Total:                         900    0         0      
                                                              
    D:\CCS\ccs\tools\compiler\ti-cgt-armllvm_5.1.1.LTS\lib\armv6m-ti-none-eabi/c/libsysbm.a
       hostexit.c.obj                 4      0         0      
    +--+------------------------------+------+---------+---------+
       Total:                         4      0         0      
                                                              
    D:\CCS\ccs\tools\compiler\ti-cgt-armllvm_5.1.1.LTS\lib\armv6m-ti-none-eabi/libclang_rt.builtins.a
       addsf3.S.obj                   216    0         0      
       mulsf3.S.obj                   140    0         0      
       divsf3.S.obj                   130    0         0      
       truncdfsf2.S.obj               116    0         0      
       aeabi_uidivmod.S.obj           64     0         0      
       extendsfdf2.S.obj              64     0         0      
       muldsi3.S.obj                  58     0         0      
       fixsfsi.S.obj                  56     0         0      
       floatunsisf.S.obj              40     0         0      
       muldi3.S.obj                   36     0         0      
       aeabi_dmul.c.obj               8      0         0      
       aeabi_memcpy.S.obj             8      0         0      
       aeabi_div0.c.obj               2      0         0      
    +--+------------------------------+------+---------+---------+
       Total:                         938    0         0      
                                                              
       Stack:                         0      0         512    
       Linker Generated:              0      56        0      
    +--+------------------------------+------+---------+---------+
       Grand Total:                   5522   347       1104   


LINKER GENERATED COPY TABLES

__TI_cinit_table @ 000016f0 records: 2, size/record: 8, table size: 16
	.data: load addr=000016c8, load size=00000014 bytes, run addr=20200218, run size=00000038 bytes, compression=lzss
	.bss: load addr=000016e8, load size=00000008 bytes, run addr=20200000, run size=00000218 bytes, compression=zero_init


LINKER GENERATED HANDLER TABLE

__TI_handler_table @ 000016dc records: 3, size/record: 4, table size: 12
	index: 0, handler: __TI_decompress_lzss
	index: 1, handler: __TI_decompress_none
	index: 2, handler: __TI_zero_init


GLOBAL SYMBOLS: SORTED ALPHABETICALLY BY Name 

address   name                                 
-------   ----                                 
00000d8f  ADC0_IRQHandler                      
00000d8f  ADC1_IRQHandler                      
00000d8f  AES_IRQHandler                       
0000164e  C$$EXIT                              
00000d8f  CANFD0_IRQHandler                    
00000d8f  DAC0_IRQHandler                      
00000f95  DL_Common_delayCycles                
00001509  DL_I2C_setClockConfig                
00001555  DL_SYSCTL_configFCC                  
000009e9  DL_SYSCTL_configSYSPLL               
00001159  DL_SYSCTL_setHFCLKSourceHFXTParams   
000012c5  DL_SYSCTL_switchMCLKfromSYSOSCtoHSCLK
000007e9  DL_Timer_initFourCCPWMMode           
000008ed  DL_Timer_initTimerMode               
00001571  DL_Timer_setCaptCompUpdateMethod     
000015c5  DL_Timer_setCaptureCompareOutCtl     
00001619  DL_Timer_setCaptureCompareValue      
0000158d  DL_Timer_setClockConfig              
0000127d  DL_UART_init                         
000015f3  DL_UART_setClockConfig               
00000d8f  DMA_IRQHandler                       
00000d8f  Default_Handler                      
00000d8f  GROUP0_IRQHandler                    
00000d8f  GROUP1_IRQHandler                    
0000164f  HOSTexit                             
00000d8f  HardFault_Handler                    
00000d8f  I2C0_IRQHandler                      
00000d8f  I2C1_IRQHandler                      
00000d8f  NMI_Handler                          
20200218  PWM_A_duty                           
2020021c  PWM_B_duty                           
00000d8f  PendSV_Handler                       
00000d8f  RTC_IRQHandler                       
00001653  Reset_Handler                        
00000d8f  SPI0_IRQHandler                      
00000d8f  SPI1_IRQHandler                      
00000d8f  SVC_Handler                          
000006dd  SYSCFG_DL_GPIO_init                  
000013cd  SYSCFG_DL_Motor_PID_init             
000011bd  SYSCFG_DL_OLED_init                  
000010f1  SYSCFG_DL_PWMA_init                  
00001015  SYSCFG_DL_PWMB_init                  
000000c1  SYSCFG_DL_SYSCTL_SYSPLL_init         
00000b9d  SYSCFG_DL_SYSCTL_init                
00001085  SYSCFG_DL_UART_0_init                
00001309  SYSCFG_DL_init                       
0000121d  SYSCFG_DL_initPower                  
00000d8f  SysTick_Handler                      
00000d8f  TIMA0_IRQHandler                     
00000541  TIMA1_IRQHandler                     
00000d8f  TIMG0_IRQHandler                     
00000d8f  TIMG12_IRQHandler                    
00000d8f  TIMG6_IRQHandler                     
00000d8f  TIMG7_IRQHandler                     
00000d8f  TIMG8_IRQHandler                     
000015a9  UART0_IRQHandler                     
00000d8f  UART1_IRQHandler                     
00000d8f  UART2_IRQHandler                     
00000d8f  UART3_IRQHandler                     
20208000  __STACK_END                          
00000200  __STACK_SIZE                         
00000000  __TI_ATRegion0_region_sz             
00000000  __TI_ATRegion0_src_addr              
00000000  __TI_ATRegion0_trg_addr              
00000000  __TI_ATRegion1_region_sz             
00000000  __TI_ATRegion1_src_addr              
00000000  __TI_ATRegion1_trg_addr              
00000000  __TI_ATRegion2_region_sz             
00000000  __TI_ATRegion2_src_addr              
00000000  __TI_ATRegion2_trg_addr              
000016f0  __TI_CINIT_Base                      
00001700  __TI_CINIT_Limit                     
00001700  __TI_CINIT_Warm                      
000016dc  __TI_Handler_Table_Base              
000016e8  __TI_Handler_Table_Limit             
00001409  __TI_auto_init_nobinit_nopinit       
00000ea1  __TI_decompress_lzss                 
00001605  __TI_decompress_none                 
ffffffff  __TI_pprof_out_hndl                  
ffffffff  __TI_prof_data_size                  
ffffffff  __TI_prof_data_start                 
00000000  __TI_static_base__                   
000015dd  __TI_zero_init_nomemset              
00000acf  __addsf3                             
00000fa1  __aeabi_d2f                          
00001639  __aeabi_dmul_fast                    
0000138d  __aeabi_f2d                          
00001481  __aeabi_f2iz                         
00000acf  __aeabi_fadd                         
00000e1d  __aeabi_fdiv                         
00000d91  __aeabi_fmul                         
00000ac5  __aeabi_fsub                         
00000e9f  __aeabi_idiv0                        
00001531  __aeabi_lmul                         
00001641  __aeabi_memcpy                       
00001641  __aeabi_memcpy4                      
00001641  __aeabi_memcpy8                      
000014e1  __aeabi_ui2f                         
0000134d  __aeabi_uidiv                        
0000134d  __aeabi_uidivmod                     
ffffffff  __binit__                            
00000e1d  __divsf3                             
0000138d  __extendsfdf2                        
00001481  __fixsfsi                            
000014e1  __floatunsisf                        
UNDEFED   __mpu_init                           
00000369  __muldf3_fast                        
00001531  __muldi3                             
00001445  __muldsi3                            
00000d91  __mulsf3                             
20207e00  __stack                              
20200000  __start___llvm_prf_bits              
20200000  __start___llvm_prf_cnts              
20200000  __stop___llvm_prf_bits               
20200000  __stop___llvm_prf_cnts               
00000ac5  __subsf3                             
00000fa1  __truncdfsf2                         
000014b9  _c_int00_noargs                      
UNDEFED   _system_post_cinit                   
00001657  _system_pre_init                     
00001649  abort                                
ffffffff  binit                                
20200220  counter_A                            
20200224  counter_B                            
20200228  current_error_A                      
2020022c  current_error_B                      
00001629  delay_ms                             
20200000  gMotor_PIDBackup                     
20200178  gPWMABackup                          
202000bc  gPWMBBackup                          
00000000  interruptVectors                     
20200230  ki                                   
20200234  kp                                   
20200238  last_error_A                         
2020023c  last_error_B                         
00000c4d  main                                 
00000cf5  memcpy                               
00000f1d  motor_init                           
20200240  speed_A                              
20200244  speed_B                              
20200248  target_speed_A                       
2020024c  target_speed_B                       


GLOBAL SYMBOLS: SORTED BY Symbol Address 

address   name                                 
-------   ----                                 
00000000  __TI_ATRegion0_region_sz             
00000000  __TI_ATRegion0_src_addr              
00000000  __TI_ATRegion0_trg_addr              
00000000  __TI_ATRegion1_region_sz             
00000000  __TI_ATRegion1_src_addr              
00000000  __TI_ATRegion1_trg_addr              
00000000  __TI_ATRegion2_region_sz             
00000000  __TI_ATRegion2_src_addr              
00000000  __TI_ATRegion2_trg_addr              
00000000  __TI_static_base__                   
00000000  interruptVectors                     
000000c1  SYSCFG_DL_SYSCTL_SYSPLL_init         
00000200  __STACK_SIZE                         
00000369  __muldf3_fast                        
00000541  TIMA1_IRQHandler                     
000006dd  SYSCFG_DL_GPIO_init                  
000007e9  DL_Timer_initFourCCPWMMode           
000008ed  DL_Timer_initTimerMode               
000009e9  DL_SYSCTL_configSYSPLL               
00000ac5  __aeabi_fsub                         
00000ac5  __subsf3                             
00000acf  __addsf3                             
00000acf  __aeabi_fadd                         
00000b9d  SYSCFG_DL_SYSCTL_init                
00000c4d  main                                 
00000cf5  memcpy                               
00000d8f  ADC0_IRQHandler                      
00000d8f  ADC1_IRQHandler                      
00000d8f  AES_IRQHandler                       
00000d8f  CANFD0_IRQHandler                    
00000d8f  DAC0_IRQHandler                      
00000d8f  DMA_IRQHandler                       
00000d8f  Default_Handler                      
00000d8f  GROUP0_IRQHandler                    
00000d8f  GROUP1_IRQHandler                    
00000d8f  HardFault_Handler                    
00000d8f  I2C0_IRQHandler                      
00000d8f  I2C1_IRQHandler                      
00000d8f  NMI_Handler                          
00000d8f  PendSV_Handler                       
00000d8f  RTC_IRQHandler                       
00000d8f  SPI0_IRQHandler                      
00000d8f  SPI1_IRQHandler                      
00000d8f  SVC_Handler                          
00000d8f  SysTick_Handler                      
00000d8f  TIMA0_IRQHandler                     
00000d8f  TIMG0_IRQHandler                     
00000d8f  TIMG12_IRQHandler                    
00000d8f  TIMG6_IRQHandler                     
00000d8f  TIMG7_IRQHandler                     
00000d8f  TIMG8_IRQHandler                     
00000d8f  UART1_IRQHandler                     
00000d8f  UART2_IRQHandler                     
00000d8f  UART3_IRQHandler                     
00000d91  __aeabi_fmul                         
00000d91  __mulsf3                             
00000e1d  __aeabi_fdiv                         
00000e1d  __divsf3                             
00000e9f  __aeabi_idiv0                        
00000ea1  __TI_decompress_lzss                 
00000f1d  motor_init                           
00000f95  DL_Common_delayCycles                
00000fa1  __aeabi_d2f                          
00000fa1  __truncdfsf2                         
00001015  SYSCFG_DL_PWMB_init                  
00001085  SYSCFG_DL_UART_0_init                
000010f1  SYSCFG_DL_PWMA_init                  
00001159  DL_SYSCTL_setHFCLKSourceHFXTParams   
000011bd  SYSCFG_DL_OLED_init                  
0000121d  SYSCFG_DL_initPower                  
0000127d  DL_UART_init                         
000012c5  DL_SYSCTL_switchMCLKfromSYSOSCtoHSCLK
00001309  SYSCFG_DL_init                       
0000134d  __aeabi_uidiv                        
0000134d  __aeabi_uidivmod                     
0000138d  __aeabi_f2d                          
0000138d  __extendsfdf2                        
000013cd  SYSCFG_DL_Motor_PID_init             
00001409  __TI_auto_init_nobinit_nopinit       
00001445  __muldsi3                            
00001481  __aeabi_f2iz                         
00001481  __fixsfsi                            
000014b9  _c_int00_noargs                      
000014e1  __aeabi_ui2f                         
000014e1  __floatunsisf                        
00001509  DL_I2C_setClockConfig                
00001531  __aeabi_lmul                         
00001531  __muldi3                             
00001555  DL_SYSCTL_configFCC                  
00001571  DL_Timer_setCaptCompUpdateMethod     
0000158d  DL_Timer_setClockConfig              
000015a9  UART0_IRQHandler                     
000015c5  DL_Timer_setCaptureCompareOutCtl     
000015dd  __TI_zero_init_nomemset              
000015f3  DL_UART_setClockConfig               
00001605  __TI_decompress_none                 
00001619  DL_Timer_setCaptureCompareValue      
00001629  delay_ms                             
00001639  __aeabi_dmul_fast                    
00001641  __aeabi_memcpy                       
00001641  __aeabi_memcpy4                      
00001641  __aeabi_memcpy8                      
00001649  abort                                
0000164e  C$$EXIT                              
0000164f  HOSTexit                             
00001653  Reset_Handler                        
00001657  _system_pre_init                     
000016dc  __TI_Handler_Table_Base              
000016e8  __TI_Handler_Table_Limit             
000016f0  __TI_CINIT_Base                      
00001700  __TI_CINIT_Limit                     
00001700  __TI_CINIT_Warm                      
20200000  __start___llvm_prf_bits              
20200000  __start___llvm_prf_cnts              
20200000  __stop___llvm_prf_bits               
20200000  __stop___llvm_prf_cnts               
20200000  gMotor_PIDBackup                     
202000bc  gPWMBBackup                          
20200178  gPWMABackup                          
20200218  PWM_A_duty                           
2020021c  PWM_B_duty                           
20200220  counter_A                            
20200224  counter_B                            
20200228  current_error_A                      
2020022c  current_error_B                      
20200230  ki                                   
20200234  kp                                   
20200238  last_error_A                         
2020023c  last_error_B                         
20200240  speed_A                              
20200244  speed_B                              
20200248  target_speed_A                       
2020024c  target_speed_B                       
20207e00  __stack                              
20208000  __STACK_END                          
ffffffff  __TI_pprof_out_hndl                  
ffffffff  __TI_prof_data_size                  
ffffffff  __TI_prof_data_start                 
ffffffff  __binit__                            
ffffffff  binit                                
UNDEFED   __mpu_init                           
UNDEFED   _system_post_cinit                   

[142 symbols]
